Archive member included to satisfy reference by file (symbol)

c:/st/stm32cubeide_1.0.0/stm32cubeide/plugins/com.st.stm32cube.ide.mcu.externaltools.gnu-tools-for-stm32.7-2018-q2-update.win32_1.0.0.201904181610/tools/bin/../lib/gcc/arm-none-eabi/7.3.1/../../../../arm-none-eabi/lib/thumb/v7e-m/fpv4-sp/hard\libc_nano.a(lib_a-calloc.o)
                              Src/main.o (calloc)
c:/st/stm32cubeide_1.0.0/stm32cubeide/plugins/com.st.stm32cube.ide.mcu.externaltools.gnu-tools-for-stm32.7-2018-q2-update.win32_1.0.0.201904181610/tools/bin/../lib/gcc/arm-none-eabi/7.3.1/../../../../arm-none-eabi/lib/thumb/v7e-m/fpv4-sp/hard\libc_nano.a(lib_a-errno.o)
                              Src/syscalls.o (__errno)
c:/st/stm32cubeide_1.0.0/stm32cubeide/plugins/com.st.stm32cube.ide.mcu.externaltools.gnu-tools-for-stm32.7-2018-q2-update.win32_1.0.0.201904181610/tools/bin/../lib/gcc/arm-none-eabi/7.3.1/../../../../arm-none-eabi/lib/thumb/v7e-m/fpv4-sp/hard\libc_nano.a(lib_a-exit.o)
                              c:/st/stm32cubeide_1.0.0/stm32cubeide/plugins/com.st.stm32cube.ide.mcu.externaltools.gnu-tools-for-stm32.7-2018-q2-update.win32_1.0.0.201904181610/tools/bin/../lib/gcc/arm-none-eabi/7.3.1/../../../../arm-none-eabi/lib/thumb/v7e-m/fpv4-sp/hard/crt0.o (exit)
c:/st/stm32cubeide_1.0.0/stm32cubeide/plugins/com.st.stm32cube.ide.mcu.externaltools.gnu-tools-for-stm32.7-2018-q2-update.win32_1.0.0.201904181610/tools/bin/../lib/gcc/arm-none-eabi/7.3.1/../../../../arm-none-eabi/lib/thumb/v7e-m/fpv4-sp/hard\libc_nano.a(lib_a-impure.o)
                              c:/st/stm32cubeide_1.0.0/stm32cubeide/plugins/com.st.stm32cube.ide.mcu.externaltools.gnu-tools-for-stm32.7-2018-q2-update.win32_1.0.0.201904181610/tools/bin/../lib/gcc/arm-none-eabi/7.3.1/../../../../arm-none-eabi/lib/thumb/v7e-m/fpv4-sp/hard\libc_nano.a(lib_a-exit.o) (_global_impure_ptr)
c:/st/stm32cubeide_1.0.0/stm32cubeide/plugins/com.st.stm32cube.ide.mcu.externaltools.gnu-tools-for-stm32.7-2018-q2-update.win32_1.0.0.201904181610/tools/bin/../lib/gcc/arm-none-eabi/7.3.1/../../../../arm-none-eabi/lib/thumb/v7e-m/fpv4-sp/hard\libc_nano.a(lib_a-init.o)
                              c:/st/stm32cubeide_1.0.0/stm32cubeide/plugins/com.st.stm32cube.ide.mcu.externaltools.gnu-tools-for-stm32.7-2018-q2-update.win32_1.0.0.201904181610/tools/bin/../lib/gcc/arm-none-eabi/7.3.1/../../../../arm-none-eabi/lib/thumb/v7e-m/fpv4-sp/hard/crt0.o (__libc_init_array)
c:/st/stm32cubeide_1.0.0/stm32cubeide/plugins/com.st.stm32cube.ide.mcu.externaltools.gnu-tools-for-stm32.7-2018-q2-update.win32_1.0.0.201904181610/tools/bin/../lib/gcc/arm-none-eabi/7.3.1/../../../../arm-none-eabi/lib/thumb/v7e-m/fpv4-sp/hard\libc_nano.a(lib_a-memset.o)
                              c:/st/stm32cubeide_1.0.0/stm32cubeide/plugins/com.st.stm32cube.ide.mcu.externaltools.gnu-tools-for-stm32.7-2018-q2-update.win32_1.0.0.201904181610/tools/bin/../lib/gcc/arm-none-eabi/7.3.1/../../../../arm-none-eabi/lib/thumb/v7e-m/fpv4-sp/hard/crt0.o (memset)
c:/st/stm32cubeide_1.0.0/stm32cubeide/plugins/com.st.stm32cube.ide.mcu.externaltools.gnu-tools-for-stm32.7-2018-q2-update.win32_1.0.0.201904181610/tools/bin/../lib/gcc/arm-none-eabi/7.3.1/../../../../arm-none-eabi/lib/thumb/v7e-m/fpv4-sp/hard\libc_nano.a(lib_a-nano-callocr.o)
                              c:/st/stm32cubeide_1.0.0/stm32cubeide/plugins/com.st.stm32cube.ide.mcu.externaltools.gnu-tools-for-stm32.7-2018-q2-update.win32_1.0.0.201904181610/tools/bin/../lib/gcc/arm-none-eabi/7.3.1/../../../../arm-none-eabi/lib/thumb/v7e-m/fpv4-sp/hard\libc_nano.a(lib_a-calloc.o) (_calloc_r)
c:/st/stm32cubeide_1.0.0/stm32cubeide/plugins/com.st.stm32cube.ide.mcu.externaltools.gnu-tools-for-stm32.7-2018-q2-update.win32_1.0.0.201904181610/tools/bin/../lib/gcc/arm-none-eabi/7.3.1/../../../../arm-none-eabi/lib/thumb/v7e-m/fpv4-sp/hard\libc_nano.a(lib_a-nano-mallocr.o)
                              c:/st/stm32cubeide_1.0.0/stm32cubeide/plugins/com.st.stm32cube.ide.mcu.externaltools.gnu-tools-for-stm32.7-2018-q2-update.win32_1.0.0.201904181610/tools/bin/../lib/gcc/arm-none-eabi/7.3.1/../../../../arm-none-eabi/lib/thumb/v7e-m/fpv4-sp/hard\libc_nano.a(lib_a-nano-callocr.o) (_malloc_r)
c:/st/stm32cubeide_1.0.0/stm32cubeide/plugins/com.st.stm32cube.ide.mcu.externaltools.gnu-tools-for-stm32.7-2018-q2-update.win32_1.0.0.201904181610/tools/bin/../lib/gcc/arm-none-eabi/7.3.1/../../../../arm-none-eabi/lib/thumb/v7e-m/fpv4-sp/hard\libc_nano.a(lib_a-sbrkr.o)
                              c:/st/stm32cubeide_1.0.0/stm32cubeide/plugins/com.st.stm32cube.ide.mcu.externaltools.gnu-tools-for-stm32.7-2018-q2-update.win32_1.0.0.201904181610/tools/bin/../lib/gcc/arm-none-eabi/7.3.1/../../../../arm-none-eabi/lib/thumb/v7e-m/fpv4-sp/hard\libc_nano.a(lib_a-nano-mallocr.o) (_sbrk_r)
[...]
Memory Configuration

Name             Origin             Length             Attributes
FLASH            0x0000000008000000 0x0000000000100000 xr
CCMRAM           0x0000000010000000 0x0000000000010000 xrw
RAM              0x0000000020000000 0x0000000000020000 xrw
*default*        0x0000000000000000 0xffffffffffffffff

Linker script and memory map

LOAD c:/st/stm32cubeide_1.0.0/stm32cubeide/plugins/com.st.stm32cube.ide.mcu.externaltools.gnu-tools-for-stm32.7-2018-q2-update.win32_1.0.0.201904181610/tools/bin/../lib/gcc/arm-none-eabi/7.3.1/thumb/v7e-m/fpv4-sp/hard/crti.o
LOAD c:/st/stm32cubeide_1.0.0/stm32cubeide/plugins/com.st.stm32cube.ide.mcu.externaltools.gnu-tools-for-stm32.7-2018-q2-update.win32_1.0.0.201904181610/tools/bin/../lib/gcc/arm-none-eabi/7.3.1/thumb/v7e-m/fpv4-sp/hard/crtbegin.o
LOAD c:/st/stm32cubeide_1.0.0/stm32cubeide/plugins/com.st.stm32cube.ide.mcu.externaltools.gnu-tools-for-stm32.7-2018-q2-update.win32_1.0.0.201904181610/tools/bin/../lib/gcc/arm-none-eabi/7.3.1/../../../../arm-none-eabi/lib/thumb/v7e-m/fpv4-sp/hard/crt0.o
LOAD Drivers/STM32F4xx_HAL_Driver/Src/stm32f4xx_hal.o
LOAD Drivers/STM32F4xx_HAL_Driver/Src/stm32f4xx_hal_cortex.o
LOAD Drivers/STM32F4xx_HAL_Driver/Src/stm32f4xx_hal_dma.o
LOAD Drivers/STM32F4xx_HAL_Driver/Src/stm32f4xx_hal_dma_ex.o
LOAD Drivers/STM32F4xx_HAL_Driver/Src/stm32f4xx_hal_exti.o
LOAD Drivers/STM32F4xx_HAL_Driver/Src/stm32f4xx_hal_flash.o
LOAD Drivers/STM32F4xx_HAL_Driver/Src/stm32f4xx_hal_flash_ex.o
LOAD Drivers/STM32F4xx_HAL_Driver/Src/stm32f4xx_hal_flash_ramfunc.o
LOAD Drivers/STM32F4xx_HAL_Driver/Src/stm32f4xx_hal_gpio.o
LOAD Drivers/STM32F4xx_HAL_Driver/Src/stm32f4xx_hal_pwr.o
LOAD Drivers/STM32F4xx_HAL_Driver/Src/stm32f4xx_hal_pwr_ex.o
LOAD Drivers/STM32F4xx_HAL_Driver/Src/stm32f4xx_hal_rcc.o
LOAD Drivers/STM32F4xx_HAL_Driver/Src/stm32f4xx_hal_rcc_ex.o
LOAD Drivers/STM32F4xx_HAL_Driver/Src/stm32f4xx_hal_spi.o
LOAD Drivers/STM32F4xx_HAL_Driver/Src/stm32f4xx_hal_tim.o
LOAD Drivers/STM32F4xx_HAL_Driver/Src/stm32f4xx_hal_tim_ex.o
LOAD SSD1322_Driver/Src/IBMPlexMono_Regular.o
LOAD SSD1322_Driver/Src/Lato_Regular.o
LOAD SSD1322_Driver/Src/PTM55FT.o
LOAD SSD1322_Driver/Src/bitmaps.o
LOAD SSD1322_Driver/Src/delay.o
LOAD SSD1322_Driver/Src/ssd1322.o
LOAD Src/gpio.o
LOAD Src/main.o
LOAD Src/rcc.o
LOAD Src/spi.o
LOAD Src/stm32f4xx_hal_msp.o
LOAD Src/stm32f4xx_it.o
LOAD Src/syscalls.o
LOAD Src/sysmem.o
LOAD Src/system_stm32f4xx.o
LOAD Startup/startup_stm32f407vgtx.o
START GROUP
LOAD c:/st/stm32cubeide_1.0.0/stm32cubeide/plugins/com.st.stm32cube.ide.mcu.externaltools.gnu-tools-for-stm32.7-2018-q2-update.win32_1.0.0.201904181610/tools/bin/../lib/gcc/arm-none-eabi/7.3.1/../../../../arm-none-eabi/lib/thumb/v7e-m/fpv4-sp/hard\libc_nano.a
LOAD c:/st/stm32cubeide_1.0.0/stm32cubeide/plugins/com.st.stm32cube.ide.mcu.externaltools.gnu-tools-for-stm32.7-2018-q2-update.win32_1.0.0.201904181610/tools/bin/../lib/gcc/arm-none-eabi/7.3.1/../../../../arm-none-eabi/lib/thumb/v7e-m/fpv4-sp/hard\libm.a
END GROUP
START GROUP
LOAD c:/st/stm32cubeide_1.0.0/stm32cubeide/plugins/com.st.stm32cube.ide.mcu.externaltools.gnu-tools-for-stm32.7-2018-q2-update.win32_1.0.0.201904181610/tools/bin/../lib/gcc/arm-none-eabi/7.3.1/thumb/v7e-m/fpv4-sp/hard\libgcc.a
LOAD c:/st/stm32cubeide_1.0.0/stm32cubeide/plugins/com.st.stm32cube.ide.mcu.externaltools.gnu-tools-for-stm32.7-2018-q2-update.win32_1.0.0.201904181610/tools/bin/../lib/gcc/arm-none-eabi/7.3.1/../../../../arm-none-eabi/lib/thumb/v7e-m/fpv4-sp/hard\libc_nano.a
END GROUP
START GROUP
LOAD c:/st/stm32cubeide_1.0.0/stm32cubeide/plugins/com.st.stm32cube.ide.mcu.externaltools.gnu-tools-for-stm32.7-2018-q2-update.win32_1.0.0.201904181610/tools/bin/../lib/gcc/arm-none-eabi/7.3.1/thumb/v7e-m/fpv4-sp/hard\libgcc.a
LOAD c:/st/stm32cubeide_1.0.0/stm32cubeide/plugins/com.st.stm32cube.ide.mcu.externaltools.gnu-tools-for-stm32.7-2018-q2-update.win32_1.0.0.201904181610/tools/bin/../lib/gcc/arm-none-eabi/7.3.1/../../../../arm-none-eabi/lib/thumb/v7e-m/fpv4-sp/hard\libc_nano.a
LOAD c:/st/stm32cubeide_1.0.0/stm32cubeide/plugins/com.st.stm32cube.ide.mcu.externaltools.gnu-tools-for-stm32.7-2018-q2-update.win32_1.0.0.201904181610/tools/bin/../lib/gcc/arm-none-eabi/7.3.1/../../../../arm-none-eabi/lib/thumb/v7e-m/fpv4-sp/hard\libnosys.a
END GROUP
START GROUP
LOAD c:/st/stm32cubeide_1.0.0/stm32cubeide/plugins/com.st.stm32cube.ide.mcu.externaltools.gnu-tools-for-stm32.7-2018-q2-update.win32_1.0.0.201904181610/tools/bin/../lib/gcc/arm-none-eabi/7.3.1/thumb/v7e-m/fpv4-sp/hard\libgcc.a
LOAD c:/st/stm32cubeide_1.0.0/stm32cubeide/plugins/com.st.stm32cube.ide.mcu.externaltools.gnu-tools-for-stm32.7-2018-q2-update.win32_1.0.0.201904181610/tools/bin/../lib/gcc/arm-none-eabi/7.3.1/../../../../arm-none-eabi/lib/thumb/v7e-m/fpv4-sp/hard\libc_nano.a
LOAD c:/st/stm32cubeide_1.0.0/stm32cubeide/plugins/com.st.stm32cube.ide.mcu.externaltools.gnu-tools-for-stm32.7-2018-q2-update.win32_1.0.0.201904181610/tools/bin/../lib/gcc/arm-none-eabi/7.3.1/../../../../arm-none-eabi/lib/thumb/v7e-m/fpv4-sp/hard\libnosys.a
END GROUP
LOAD c:/st/stm32cubeide_1.0.0/stm32cubeide/plugins/com.st.stm32cube.ide.mcu.externaltools.gnu-tools-for-stm32.7-2018-q2-update.win32_1.0.0.201904181610/tools/bin/../lib/gcc/arm-none-eabi/7.3.1/thumb/v7e-m/fpv4-sp/hard/crtend.o
LOAD c:/st/stm32cubeide_1.0.0/stm32cubeide/plugins/com.st.stm32cube.ide.mcu.externaltools.gnu-tools-for-stm32.7-2018-q2-update.win32_1.0.0.201904181610/tools/bin/../lib/gcc/arm-none-eabi/7.3.1/thumb/v7e-m/fpv4-sp/hard/crtn.o
                0x000000002001ffff                _estack = 0x2001ffff
                0x0000000000000200                _Min_Heap_Size = 0x200
                0x0000000000000400                _Min_Stack_Size = 0x400

.isr_vector     0x0000000008000000      0x188
                0x0000000008000000                . = ALIGN (0x4)
 *(.isr_vector)
 .isr_vector    0x0000000008000000      0x188 Startup/startup_stm32f407vgtx.o
                0x0000000008000000                g_pfnVectors
                0x0000000008000188                . = ALIGN (0x4)

.text           0x0000000008000188     0x2700
                0x0000000008000188                . = ALIGN (0x4)
 *(.text)
 .text          0x0000000008000188       0x40 c:/st/stm32cubeide_1.0.0/stm32cubeide/plugins/com.st.stm32cube.ide.mcu.externaltools.gnu-tools-for-stm32.7-2018-q2-update.win32_1.0.0.201904181610/tools/bin/../lib/gcc/arm-none-eabi/7.3.1/thumb/v7e-m/fpv4-sp/hard/crtbegin.o
 .text          0x00000000080001c8       0x30 c:/st/stm32cubeide_1.0.0/stm32cubeide/plugins/com.st.stm32cube.ide.mcu.externaltools.gnu-tools-for-stm32.7-2018-q2-update.win32_1.0.0.201904181610/tools/bin/../lib/gcc/arm-none-eabi/7.3.1/thumb/v7e-m/fpv4-sp/hard\libgcc.a(_aeabi_uldivmod.o)
                0x00000000080001c8                __aeabi_uldivmod
 .text          0x00000000080001f8      0x2cc c:/st/stm32cubeide_1.0.0/stm32cubeide/plugins/com.st.stm32cube.ide.mcu.externaltools.gnu-tools-for-stm32.7-2018-q2-update.win32_1.0.0.201904181610/tools/bin/../lib/gcc/arm-none-eabi/7.3.1/thumb/v7e-m/fpv4-sp/hard\libgcc.a(_udivmoddi4.o)
                0x00000000080001f8                __udivmoddi4
 .text          0x00000000080004c4        0x4 c:/st/stm32cubeide_1.0.0/stm32cubeide/plugins/com.st.stm32cube.ide.mcu.externaltools.gnu-tools-for-stm32.7-2018-q2-update.win32_1.0.0.201904181610/tools/bin/../lib/gcc/arm-none-eabi/7.3.1/thumb/v7e-m/fpv4-sp/hard\libgcc.a(_dvmd_tls.o)
                0x00000000080004c4                __aeabi_idiv0
                0x00000000080004c4                __aeabi_ldiv0
 *(.text*)
 .text.HAL_Init
                0x00000000080004c8       0x44 Drivers/STM32F4xx_HAL_Driver/Src/stm32f4xx_hal.o
                0x00000000080004c8                HAL_Init
 .text.HAL_InitTick
                0x000000000800050c       0x60 Drivers/STM32F4xx_HAL_Driver/Src/stm32f4xx_hal.o
                0x000000000800050c                HAL_InitTick
 .text.HAL_IncTick
                0x000000000800056c       0x28 Drivers/STM32F4xx_HAL_Driver/Src/stm32f4xx_hal.o
                0x000000000800056c                HAL_IncTick
 .text.HAL_GetTick
                0x0000000008000594       0x18 Drivers/STM32F4xx_HAL_Driver/Src/stm32f4xx_hal.o
                0x0000000008000594                HAL_GetTick
 .text.__NVIC_SetPriorityGrouping
                0x00000000080005ac       0x48 Drivers/STM32F4xx_HAL_Driver/Src/stm32f4xx_hal_cortex.o
 .text.__NVIC_GetPriorityGrouping
                0x00000000080005f4       0x1c Drivers/STM32F4xx_HAL_Driver/Src/stm32f4xx_hal_cortex.o
 .text.__NVIC_SetPriority
                0x0000000008000610       0x54 Drivers/STM32F4xx_HAL_Driver/Src/stm32f4xx_hal_cortex.o
 .text.NVIC_EncodePriority
                0x0000000008000664       0x66 Drivers/STM32F4xx_HAL_Driver/Src/stm32f4xx_hal_cortex.o
 *fill*         0x00000000080006ca        0x2 
 .text.SysTick_Config
                0x00000000080006cc       0x44 Drivers/STM32F4xx_HAL_Driver/Src/stm32f4xx_hal_cortex.o
 .text.HAL_NVIC_SetPriorityGrouping
                0x0000000008000710       0x16 Drivers/STM32F4xx_HAL_Driver/Src/stm32f4xx_hal_cortex.o
                0x0000000008000710                HAL_NVIC_SetPriorityGrouping
 .text.HAL_NVIC_SetPriority
                0x0000000008000726       0x38 Drivers/STM32F4xx_HAL_Driver/Src/stm32f4xx_hal_cortex.o
                0x0000000008000726                HAL_NVIC_SetPriority
 .text.HAL_SYSTICK_Config
                0x000000000800075e       0x18 Drivers/STM32F4xx_HAL_Driver/Src/stm32f4xx_hal_cortex.o
                0x000000000800075e                HAL_SYSTICK_Config
 *fill*         0x0000000008000776        0x2 
 .text.HAL_GPIO_Init
                0x0000000008000778      0x334 Drivers/STM32F4xx_HAL_Driver/Src/stm32f4xx_hal_gpio.o
                0x0000000008000778                HAL_GPIO_Init
 .text.HAL_GPIO_WritePin
                0x0000000008000aac       0x32 Drivers/STM32F4xx_HAL_Driver/Src/stm32f4xx_hal_gpio.o
                0x0000000008000aac                HAL_GPIO_WritePin
 *fill*         0x0000000008000ade        0x2 
 .text.HAL_RCC_OscConfig
                0x0000000008000ae0      0x484 Drivers/STM32F4xx_HAL_Driver/Src/stm32f4xx_hal_rcc.o
                0x0000000008000ae0                HAL_RCC_OscConfig
 .text.HAL_RCC_ClockConfig
                0x0000000008000f64      0x1c4 Drivers/STM32F4xx_HAL_Driver/Src/stm32f4xx_hal_rcc.o
                0x0000000008000f64                HAL_RCC_ClockConfig
 .text.HAL_RCC_GetSysClockFreq
                0x0000000008001128      0x164 Drivers/STM32F4xx_HAL_Driver/Src/stm32f4xx_hal_rcc.o
                0x0000000008001128                HAL_RCC_GetSysClockFreq
 .text.HAL_SPI_Init
                0x000000000800128c       0xc8 Drivers/STM32F4xx_HAL_Driver/Src/stm32f4xx_hal_spi.o
                0x000000000800128c                HAL_SPI_Init
 .text.HAL_SPI_Transmit
                0x0000000008001354      0x268 Drivers/STM32F4xx_HAL_Driver/Src/stm32f4xx_hal_spi.o
                0x0000000008001354                HAL_SPI_Transmit
 .text.SPI_WaitFlagStateUntilTimeout
                0x00000000080015bc       0xd4 Drivers/STM32F4xx_HAL_Driver/Src/stm32f4xx_hal_spi.o
 .text.SPI_EndRxTxTransaction
                0x0000000008001690       0x84 Drivers/STM32F4xx_HAL_Driver/Src/stm32f4xx_hal_spi.o
 .text.delay_initialize
                0x0000000008001714       0x24 SSD1322_Driver/Src/delay.o
                0x0000000008001714                delay_initialize
 .text.__delay_us
                0x0000000008001738       0x4c SSD1322_Driver/Src/delay.o
                0x0000000008001738                __delay_us
 .text.ssd1322_write_data
                0x0000000008001784       0x44 SSD1322_Driver/Src/ssd1322.o
                0x0000000008001784                ssd1322_write_data
 .text.ssd1322_write_command
                0x00000000080017c8       0x44 SSD1322_Driver/Src/ssd1322.o
                0x00000000080017c8                ssd1322_write_command
 .text.ssd1322_set_column_address
                0x000000000800180c       0x2e SSD1322_Driver/Src/ssd1322.o
                0x000000000800180c                ssd1322_set_column_address
 .text.ssd1322_set_row_address
                0x000000000800183a       0x2e SSD1322_Driver/Src/ssd1322.o
                0x000000000800183a                ssd1322_set_row_address
 .text.ssd1322_write_ram_enable
                0x0000000008001868        0xe SSD1322_Driver/Src/ssd1322.o
                0x0000000008001868                ssd1322_write_ram_enable
 .text.ssd1322_set_remap_format
                0x0000000008001876       0x26 SSD1322_Driver/Src/ssd1322.o
 .text.ssd1322_set_start_line
                0x000000000800189c       0x20 SSD1322_Driver/Src/ssd1322.o
                0x000000000800189c                ssd1322_set_start_line
 .text.ssd1322_set_display_offset
                0x00000000080018bc       0x20 SSD1322_Driver/Src/ssd1322.o
 .text.ssd1322_set_display_mode
                0x00000000080018dc       0x20 SSD1322_Driver/Src/ssd1322.o
 .text.ssd1322_set_partial_display
                0x00000000080018fc       0x3e SSD1322_Driver/Src/ssd1322.o
 .text.ssd1322_set_function_selection
                0x000000000800193a       0x20 SSD1322_Driver/Src/ssd1322.o
 .text.ssd1322_set_display_on_off
                0x000000000800195a       0x20 SSD1322_Driver/Src/ssd1322.o
                0x000000000800195a                ssd1322_set_display_on_off
 .text.ssd1322_set_phase_length
                0x000000000800197a       0x20 SSD1322_Driver/Src/ssd1322.o
 .text.ssd1322_set_display_clock
                0x000000000800199a       0x20 SSD1322_Driver/Src/ssd1322.o
 .text.ssd1322_set_display_enhancement_a
                0x00000000080019ba       0x3a SSD1322_Driver/Src/ssd1322.o
 .text.ssd1322_set_gpio
                0x00000000080019f4       0x20 SSD1322_Driver/Src/ssd1322.o
 .text.ssd1322_set_precharge_period
                0x0000000008001a14       0x20 SSD1322_Driver/Src/ssd1322.o
 .text.ssd1322_set_precharge_voltage
                0x0000000008001a34       0x20 SSD1322_Driver/Src/ssd1322.o
 .text.ssd1322_set_vcomh
                0x0000000008001a54       0x20 SSD1322_Driver/Src/ssd1322.o
 .text.ssd1322_set_contrast_current
                0x0000000008001a74       0x20 SSD1322_Driver/Src/ssd1322.o
 .text.ssd1322_set_master_current
                0x0000000008001a94       0x20 SSD1322_Driver/Src/ssd1322.o
 .text.ssd1322_set_multiplex_ratio
                0x0000000008001ab4       0x20 SSD1322_Driver/Src/ssd1322.o
 .text.ssd1322_set_display_enhancement_b
                0x0000000008001ad4       0x2c SSD1322_Driver/Src/ssd1322.o
 .text.ssd1322_set_linear_gray_scale_table
                0x0000000008001b00        0xe SSD1322_Driver/Src/ssd1322.o
 .text.ssd1322_set_command_lock
                0x0000000008001b0e       0x26 SSD1322_Driver/Src/ssd1322.o
 .text.ssd1322_fill_ram
                0x0000000008001b34       0x54 SSD1322_Driver/Src/ssd1322.o
                0x0000000008001b34                ssd1322_fill_ram
 .text.ssd1322_initialize
                0x0000000008001b88       0xc4 SSD1322_Driver/Src/ssd1322.o
                0x0000000008001b88                ssd1322_initialize
 .text.ssd1322_set_address
                0x0000000008001c4c       0x34 SSD1322_Driver/Src/ssd1322.o
                0x0000000008001c4c                ssd1322_set_address
 .text.ssd1322_set_font
                0x0000000008001c80       0x20 SSD1322_Driver/Src/ssd1322.o
                0x0000000008001c80                ssd1322_set_font
 .text.ssd1322_put_horizontal_line_fb
                0x0000000008001ca0       0x4e SSD1322_Driver/Src/ssd1322.o
                0x0000000008001ca0                ssd1322_put_horizontal_line_fb
 .text.ssd1322_put_vertical_line_fb
                0x0000000008001cee       0x84 SSD1322_Driver/Src/ssd1322.o
                0x0000000008001cee                ssd1322_put_vertical_line_fb
 .text.ssd1322_put_rectangle_fb
                0x0000000008001d72       0x86 SSD1322_Driver/Src/ssd1322.o
                0x0000000008001d72                ssd1322_put_rectangle_fb
 .text.ssd1322_put_resource_fb
                0x0000000008001df8      0x19c SSD1322_Driver/Src/ssd1322.o
                0x0000000008001df8                ssd1322_put_resource_fb
 .text.ssd1322_put_bitmap_fb
                0x0000000008001f94       0x46 SSD1322_Driver/Src/ssd1322.o
                0x0000000008001f94                ssd1322_put_bitmap_fb
 *fill*         0x0000000008001fda        0x2 
 .text.ssd1322_put_char_fb
                0x0000000008001fdc       0xd8 SSD1322_Driver/Src/ssd1322.o
                0x0000000008001fdc                ssd1322_put_char_fb
 .text.ssd1322_put_string_fb
                0x00000000080020b4       0x3c SSD1322_Driver/Src/ssd1322.o
                0x00000000080020b4                ssd1322_put_string_fb
 .text.ssd1322_fill_fb
                0x00000000080020f0       0x4e SSD1322_Driver/Src/ssd1322.o
                0x00000000080020f0                ssd1322_fill_fb
 .text.ssd1322_display_fb
                0x000000000800213e       0x52 SSD1322_Driver/Src/ssd1322.o
                0x000000000800213e                ssd1322_display_fb
 .text.MX_GPIO_Init
                0x0000000008002190       0xb4 Src/gpio.o
                0x0000000008002190                MX_GPIO_Init
 .text.main     0x0000000008002244      0x140 Src/main.o
                0x0000000008002244                main
 .text.Error_Handler
                0x0000000008002384        0x6 Src/main.o
                0x0000000008002384                Error_Handler
 *fill*         0x000000000800238a        0x2 
 .text.SystemClock_Config
                0x000000000800238c       0xbc Src/rcc.o
                0x000000000800238c                SystemClock_Config
 .text.MX_SPI1_Init
                0x0000000008002448       0x6c Src/spi.o
                0x0000000008002448                MX_SPI1_Init
 .text.HAL_SPI_MspInit
                0x00000000080024b4       0x90 Src/spi.o
                0x00000000080024b4                HAL_SPI_MspInit
 .text.HAL_MspInit
                0x0000000008002544       0x50 Src/stm32f4xx_hal_msp.o
                0x0000000008002544                HAL_MspInit
 .text.NMI_Handler
                0x0000000008002594        0xe Src/stm32f4xx_it.o
                0x0000000008002594                NMI_Handler
 .text.HardFault_Handler
                0x00000000080025a2        0x6 Src/stm32f4xx_it.o
                0x00000000080025a2                HardFault_Handler
 .text.MemManage_Handler
                0x00000000080025a8        0x6 Src/stm32f4xx_it.o
                0x00000000080025a8                MemManage_Handler
 .text.BusFault_Handler
                0x00000000080025ae        0x6 Src/stm32f4xx_it.o
                0x00000000080025ae                BusFault_Handler
 .text.UsageFault_Handler
                0x00000000080025b4        0x6 Src/stm32f4xx_it.o
                0x00000000080025b4                UsageFault_Handler
 .text.SVC_Handler
                0x00000000080025ba        0xe Src/stm32f4xx_it.o
                0x00000000080025ba                SVC_Handler
 .text.DebugMon_Handler
                0x00000000080025c8        0xe Src/stm32f4xx_it.o
                0x00000000080025c8                DebugMon_Handler
 .text.PendSV_Handler
                0x00000000080025d6        0xe Src/stm32f4xx_it.o
                0x00000000080025d6                PendSV_Handler
 .text.SysTick_Handler
                0x00000000080025e4        0xc Src/stm32f4xx_it.o
                0x00000000080025e4                SysTick_Handler
 .text._sbrk    0x00000000080025f0       0x58 Src/sysmem.o
                0x00000000080025f0                _sbrk
 .text.SystemInit
                0x0000000008002648       0x6c Src/system_stm32f4xx.o
                0x0000000008002648                SystemInit
 .text.Reset_Handler
                0x00000000080026b4       0x50 Startup/startup_stm32f407vgtx.o
                0x00000000080026b4                Reset_Handler
 .text.Default_Handler
                0x0000000008002704        0x2 Startup/startup_stm32f407vgtx.o
                0x0000000008002704                RTC_Alarm_IRQHandler
                0x0000000008002704                HASH_RNG_IRQHandler
                0x0000000008002704                EXTI2_IRQHandler
                0x0000000008002704                TIM8_CC_IRQHandler
                0x0000000008002704                TIM1_CC_IRQHandler
                0x0000000008002704                DMA2_Stream5_IRQHandler
                0x0000000008002704                DMA1_Stream5_IRQHandler
                0x0000000008002704                PVD_IRQHandler
                0x0000000008002704                SDIO_IRQHandler
                0x0000000008002704                TAMP_STAMP_IRQHandler
                0x0000000008002704                CAN2_RX1_IRQHandler
                0x0000000008002704                EXTI3_IRQHandler
                0x0000000008002704                TIM8_TRG_COM_TIM14_IRQHandler
                0x0000000008002704                TIM1_UP_TIM10_IRQHandler
                0x0000000008002704                TIM8_UP_TIM13_IRQHandler
                0x0000000008002704                I2C3_ER_IRQHandler
                0x0000000008002704                EXTI0_IRQHandler
                0x0000000008002704                I2C2_EV_IRQHandler
                0x0000000008002704                DMA1_Stream2_IRQHandler
                0x0000000008002704                CAN1_RX0_IRQHandler
                0x0000000008002704                FPU_IRQHandler
                0x0000000008002704                OTG_HS_WKUP_IRQHandler
                0x0000000008002704                CAN2_SCE_IRQHandler
                0x0000000008002704                DMA2_Stream2_IRQHandler
                0x0000000008002704                SPI1_IRQHandler
                0x0000000008002704                TIM6_DAC_IRQHandler
                0x0000000008002704                TIM1_BRK_TIM9_IRQHandler
                0x0000000008002704                DCMI_IRQHandler
                0x0000000008002704                CAN2_RX0_IRQHandler
                0x0000000008002704                DMA2_Stream3_IRQHandler
                0x0000000008002704                USART6_IRQHandler
                0x0000000008002704                USART3_IRQHandler
                0x0000000008002704                CAN1_RX1_IRQHandler
                0x0000000008002704                UART5_IRQHandler
                0x0000000008002704                DMA2_Stream0_IRQHandler
                0x0000000008002704                TIM4_IRQHandler
                0x0000000008002704                I2C1_EV_IRQHandler
                0x0000000008002704                DMA1_Stream6_IRQHandler
                0x0000000008002704                DMA1_Stream1_IRQHandler
                0x0000000008002704                UART4_IRQHandler
                0x0000000008002704                TIM3_IRQHandler
                0x0000000008002704                RCC_IRQHandler
                0x0000000008002704                TIM8_BRK_TIM12_IRQHandler
                0x0000000008002704                Default_Handler
                0x0000000008002704                EXTI15_10_IRQHandler
                0x0000000008002704                ADC_IRQHandler
                0x0000000008002704                DMA1_Stream7_IRQHandler
                0x0000000008002704                TIM7_IRQHandler
                0x0000000008002704                CAN2_TX_IRQHandler
                0x0000000008002704                TIM5_IRQHandler
                0x0000000008002704                DMA2_Stream7_IRQHandler
                0x0000000008002704                I2C3_EV_IRQHandler
                0x0000000008002704                EXTI9_5_IRQHandler
                0x0000000008002704                RTC_WKUP_IRQHandler
                0x0000000008002704                ETH_WKUP_IRQHandler
                0x0000000008002704                SPI2_IRQHandler
                0x0000000008002704                OTG_HS_EP1_IN_IRQHandler
                0x0000000008002704                DMA1_Stream0_IRQHandler
                0x0000000008002704                CAN1_TX_IRQHandler
                0x0000000008002704                EXTI4_IRQHandler
                0x0000000008002704                FSMC_IRQHandler
                0x0000000008002704                ETH_IRQHandler
                0x0000000008002704                OTG_HS_EP1_OUT_IRQHandler
                0x0000000008002704                WWDG_IRQHandler
                0x0000000008002704                TIM2_IRQHandler
                0x0000000008002704                OTG_FS_WKUP_IRQHandler
                0x0000000008002704                TIM1_TRG_COM_TIM11_IRQHandler
                0x0000000008002704                OTG_HS_IRQHandler
                0x0000000008002704                EXTI1_IRQHandler
                0x0000000008002704                USART2_IRQHandler
                0x0000000008002704                I2C2_ER_IRQHandler
                0x0000000008002704                DMA2_Stream1_IRQHandler
                0x0000000008002704                CAN1_SCE_IRQHandler
                0x0000000008002704                FLASH_IRQHandler
                0x0000000008002704                DMA2_Stream4_IRQHandler
                0x0000000008002704                USART1_IRQHandler
                0x0000000008002704                OTG_FS_IRQHandler
                0x0000000008002704                SPI3_IRQHandler
                0x0000000008002704                DMA1_Stream4_IRQHandler
                0x0000000008002704                I2C1_ER_IRQHandler
                0x0000000008002704                DMA2_Stream6_IRQHandler
                0x0000000008002704                DMA1_Stream3_IRQHandler
 *fill*         0x0000000008002706        0x2 
 .text.calloc   0x0000000008002708       0x10 c:/st/stm32cubeide_1.0.0/stm32cubeide/plugins/com.st.stm32cube.ide.mcu.externaltools.gnu-tools-for-stm32.7-2018-q2-update.win32_1.0.0.201904181610/tools/bin/../lib/gcc/arm-none-eabi/7.3.1/../../../../arm-none-eabi/lib/thumb/v7e-m/fpv4-sp/hard\libc_nano.a(lib_a-calloc.o)
                0x0000000008002708                calloc
 .text.__errno  0x0000000008002718        0xc c:/st/stm32cubeide_1.0.0/stm32cubeide/plugins/com.st.stm32cube.ide.mcu.externaltools.gnu-tools-for-stm32.7-2018-q2-update.win32_1.0.0.201904181610/tools/bin/../lib/gcc/arm-none-eabi/7.3.1/../../../../arm-none-eabi/lib/thumb/v7e-m/fpv4-sp/hard\libc_nano.a(lib_a-errno.o)
                0x0000000008002718                __errno
 .text.__libc_init_array
                0x0000000008002724       0x48 c:/st/stm32cubeide_1.0.0/stm32cubeide/plugins/com.st.stm32cube.ide.mcu.externaltools.gnu-tools-for-stm32.7-2018-q2-update.win32_1.0.0.201904181610/tools/bin/../lib/gcc/arm-none-eabi/7.3.1/../../../../arm-none-eabi/lib/thumb/v7e-m/fpv4-sp/hard\libc_nano.a(lib_a-init.o)
                0x0000000008002724                __libc_init_array
 .text.memset   0x000000000800276c       0x10 c:/st/stm32cubeide_1.0.0/stm32cubeide/plugins/com.st.stm32cube.ide.mcu.externaltools.gnu-tools-for-stm32.7-2018-q2-update.win32_1.0.0.201904181610/tools/bin/../lib/gcc/arm-none-eabi/7.3.1/../../../../arm-none-eabi/lib/thumb/v7e-m/fpv4-sp/hard\libc_nano.a(lib_a-memset.o)
                0x000000000800276c                memset
 .text._calloc_r
                0x000000000800277c       0x1c c:/st/stm32cubeide_1.0.0/stm32cubeide/plugins/com.st.stm32cube.ide.mcu.externaltools.gnu-tools-for-stm32.7-2018-q2-update.win32_1.0.0.201904181610/tools/bin/../lib/gcc/arm-none-eabi/7.3.1/../../../../arm-none-eabi/lib/thumb/v7e-m/fpv4-sp/hard\libc_nano.a(lib_a-nano-callocr.o)
                0x000000000800277c                _calloc_r
 .text._malloc_r
                0x0000000008002798       0xb4 c:/st/stm32cubeide_1.0.0/stm32cubeide/plugins/com.st.stm32cube.ide.mcu.externaltools.gnu-tools-for-stm32.7-2018-q2-update.win32_1.0.0.201904181610/tools/bin/../lib/gcc/arm-none-eabi/7.3.1/../../../../arm-none-eabi/lib/thumb/v7e-m/fpv4-sp/hard\libc_nano.a(lib_a-nano-mallocr.o)
                0x0000000008002798                _malloc_r
 .text._sbrk_r  0x000000000800284c       0x20 c:/st/stm32cubeide_1.0.0/stm32cubeide/plugins/com.st.stm32cube.ide.mcu.externaltools.gnu-tools-for-stm32.7-2018-q2-update.win32_1.0.0.201904181610/tools/bin/../lib/gcc/arm-none-eabi/7.3.1/../../../../arm-none-eabi/lib/thumb/v7e-m/fpv4-sp/hard\libc_nano.a(lib_a-sbrkr.o)
                0x000000000800284c                _sbrk_r
 .text.__malloc_lock
                0x000000000800286c        0x2 c:/st/stm32cubeide_1.0.0/stm32cubeide/plugins/com.st.stm32cube.ide.mcu.externaltools.gnu-tools-for-stm32.7-2018-q2-update.win32_1.0.0.201904181610/tools/bin/../lib/gcc/arm-none-eabi/7.3.1/../../../../arm-none-eabi/lib/thumb/v7e-m/fpv4-sp/hard\libc_nano.a(lib_a-mlock.o)
                0x000000000800286c                __malloc_lock
 .text.__malloc_unlock
                0x000000000800286e        0x2 c:/st/stm32cubeide_1.0.0/stm32cubeide/plugins/com.st.stm32cube.ide.mcu.externaltools.gnu-tools-for-stm32.7-2018-q2-update.win32_1.0.0.201904181610/tools/bin/../lib/gcc/arm-none-eabi/7.3.1/../../../../arm-none-eabi/lib/thumb/v7e-m/fpv4-sp/hard\libc_nano.a(lib_a-mlock.o)
                0x000000000800286e                __malloc_unlock
 *(.glue_7)
 .glue_7        0x0000000008002870        0x0 linker stubs
 *(.glue_7t)
 .glue_7t       0x0000000008002870        0x0 linker stubs
 *(.eh_frame)
 .eh_frame      0x0000000008002870        0x0 c:/st/stm32cubeide_1.0.0/stm32cubeide/plugins/com.st.stm32cube.ide.mcu.externaltools.gnu-tools-for-stm32.7-2018-q2-update.win32_1.0.0.201904181610/tools/bin/../lib/gcc/arm-none-eabi/7.3.1/thumb/v7e-m/fpv4-sp/hard/crtbegin.o
 *(.init)
 .init          0x0000000008002870        0x4 c:/st/stm32cubeide_1.0.0/stm32cubeide/plugins/com.st.stm32cube.ide.mcu.externaltools.gnu-tools-for-stm32.7-2018-q2-update.win32_1.0.0.201904181610/tools/bin/../lib/gcc/arm-none-eabi/7.3.1/thumb/v7e-m/fpv4-sp/hard/crti.o
                0x0000000008002870                _init
 .init          0x0000000008002874        0x8 c:/st/stm32cubeide_1.0.0/stm32cubeide/plugins/com.st.stm32cube.ide.mcu.externaltools.gnu-tools-for-stm32.7-2018-q2-update.win32_1.0.0.201904181610/tools/bin/../lib/gcc/arm-none-eabi/7.3.1/thumb/v7e-m/fpv4-sp/hard/crtn.o
 *(.fini)
 .fini          0x000000000800287c        0x4 c:/st/stm32cubeide_1.0.0/stm32cubeide/plugins/com.st.stm32cube.ide.mcu.externaltools.gnu-tools-for-stm32.7-2018-q2-update.win32_1.0.0.201904181610/tools/bin/../lib/gcc/arm-none-eabi/7.3.1/thumb/v7e-m/fpv4-sp/hard/crti.o
                0x000000000800287c                _fini
 .fini          0x0000000008002880        0x8 c:/st/stm32cubeide_1.0.0/stm32cubeide/plugins/com.st.stm32cube.ide.mcu.externaltools.gnu-tools-for-stm32.7-2018-q2-update.win32_1.0.0.201904181610/tools/bin/../lib/gcc/arm-none-eabi/7.3.1/thumb/v7e-m/fpv4-sp/hard/crtn.o
                0x0000000008002888                . = ALIGN (0x4)
                0x0000000008002888                _etext = .

.vfp11_veneer   0x0000000008002888        0x0
 .vfp11_veneer  0x0000000008002888        0x0 linker stubs

.v4_bx          0x0000000008002888        0x0
 .v4_bx         0x0000000008002888        0x0 linker stubs

.iplt           0x0000000008002888        0x0
 .iplt          0x0000000008002888        0x0 c:/st/stm32cubeide_1.0.0/stm32cubeide/plugins/com.st.stm32cube.ide.mcu.externaltools.gnu-tools-for-stm32.7-2018-q2-update.win32_1.0.0.201904181610/tools/bin/../lib/gcc/arm-none-eabi/7.3.1/thumb/v7e-m/fpv4-sp/hard/crtbegin.o

.rodata         0x0000000008002888     0x589c
                0x0000000008002888                . = ALIGN (0x4)
 *(.rodata)
 .rodata        0x0000000008002888       0x1d Src/main.o
 *(.rodata*)
 *fill*         0x00000000080028a5        0x3 
 .rodata.PTM55FT_font_table
                0x00000000080028a8      0x23a SSD1322_Driver/Src/PTM55FT.o
                0x00000000080028a8                PTM55FT_font_table
 *fill*         0x0000000008002ae2        0x2 
 .rodata.PTM55FT_font
                0x0000000008002ae4     0x2b28 SSD1322_Driver/Src/PTM55FT.o
                0x0000000008002ae4                PTM55FT_font
 .rodata.PTM55FT
                0x000000000800560c        0xc SSD1322_Driver/Src/PTM55FT.o
                0x000000000800560c                PTM55FT
 .rodata.einstein_0_bitmap
                0x0000000008005618      0x800 SSD1322_Driver/Src/bitmaps.o
                0x0000000008005618                einstein_0_bitmap
 .rodata.einstein_1_bitmap
                0x0000000008005e18      0x680 SSD1322_Driver/Src/bitmaps.o
                0x0000000008005e18                einstein_1_bitmap
 .rodata.einstein_2_bitmap
                0x0000000008006498      0x744 SSD1322_Driver/Src/bitmaps.o
                0x0000000008006498                einstein_2_bitmap
 .rodata.einstein_3_bitmap
                0x0000000008006bdc      0x700 SSD1322_Driver/Src/bitmaps.o
                0x0000000008006bdc                einstein_3_bitmap
 .rodata.CN_bitmap
                0x00000000080072dc      0xe10 SSD1322_Driver/Src/bitmaps.o
                0x00000000080072dc                CN_bitmap
 .rodata.einstein_0
                0x00000000080080ec        0x8 SSD1322_Driver/Src/bitmaps.o
                0x00000000080080ec                einstein_0
 .rodata.einstein_1
                0x00000000080080f4        0x8 SSD1322_Driver/Src/bitmaps.o
                0x00000000080080f4                einstein_1
 .rodata.einstein_2
                0x00000000080080fc        0x8 SSD1322_Driver/Src/bitmaps.o
                0x00000000080080fc                einstein_2
 .rodata.einstein_3
                0x0000000008008104        0x8 SSD1322_Driver/Src/bitmaps.o
                0x0000000008008104                einstein_3
 .rodata.CN     0x000000000800810c        0x8 SSD1322_Driver/Src/bitmaps.o
                0x000000000800810c                CN
 .rodata.AHBPrescTable
                0x0000000008008114       0x10 Src/system_stm32f4xx.o
                0x0000000008008114                AHBPrescTable
                0x0000000008008124                . = ALIGN (0x4)

.ARM.extab      0x0000000008008124        0x0
                0x0000000008008124                . = ALIGN (0x4)
 *(.ARM.extab* .gnu.linkonce.armextab.*)
                0x0000000008008124                . = ALIGN (0x4)

.ARM            0x0000000008008124        0x8
                0x0000000008008124                . = ALIGN (0x4)
                0x0000000008008124                __exidx_start = .
 *(.ARM.exidx*)
 .ARM.exidx     0x0000000008008124        0x8 c:/st/stm32cubeide_1.0.0/stm32cubeide/plugins/com.st.stm32cube.ide.mcu.externaltools.gnu-tools-for-stm32.7-2018-q2-update.win32_1.0.0.201904181610/tools/bin/../lib/gcc/arm-none-eabi/7.3.1/thumb/v7e-m/fpv4-sp/hard\libgcc.a(_udivmoddi4.o)
                0x000000000800812c                __exidx_end = .
                0x000000000800812c                . = ALIGN (0x4)

.rel.dyn        0x000000000800812c        0x0
 .rel.iplt      0x000000000800812c        0x0 c:/st/stm32cubeide_1.0.0/stm32cubeide/plugins/com.st.stm32cube.ide.mcu.externaltools.gnu-tools-for-stm32.7-2018-q2-update.win32_1.0.0.201904181610/tools/bin/../lib/gcc/arm-none-eabi/7.3.1/thumb/v7e-m/fpv4-sp/hard/crtbegin.o

.preinit_array  0x000000000800812c        0x0
                0x000000000800812c                . = ALIGN (0x4)
                0x000000000800812c                PROVIDE (__preinit_array_start = .)
 *(.preinit_array*)
                0x000000000800812c                PROVIDE (__preinit_array_end = .)
                0x000000000800812c                . = ALIGN (0x4)

.init_array     0x000000000800812c        0x4
                0x000000000800812c                . = ALIGN (0x4)
                0x000000000800812c                PROVIDE (__init_array_start = .)
 *(SORT_BY_NAME(.init_array.*))
 *(.init_array*)
 .init_array    0x000000000800812c        0x4 c:/st/stm32cubeide_1.0.0/stm32cubeide/plugins/com.st.stm32cube.ide.mcu.externaltools.gnu-tools-for-stm32.7-2018-q2-update.win32_1.0.0.201904181610/tools/bin/../lib/gcc/arm-none-eabi/7.3.1/thumb/v7e-m/fpv4-sp/hard/crtbegin.o
                0x0000000008008130                PROVIDE (__init_array_end = .)
                0x0000000008008130                . = ALIGN (0x4)

.fini_array     0x0000000008008130        0x4
                0x0000000008008130                . = ALIGN (0x4)
                [!provide]                        PROVIDE (__fini_array_start = .)
 *(SORT_BY_NAME(.fini_array.*))
 *(.fini_array*)
 .fini_array    0x0000000008008130        0x4 c:/st/stm32cubeide_1.0.0/stm32cubeide/plugins/com.st.stm32cube.ide.mcu.externaltools.gnu-tools-for-stm32.7-2018-q2-update.win32_1.0.0.201904181610/tools/bin/../lib/gcc/arm-none-eabi/7.3.1/thumb/v7e-m/fpv4-sp/hard/crtbegin.o
                [!provide]                        PROVIDE (__fini_array_end = .)
                0x0000000008008134                . = ALIGN (0x4)
                0x0000000008008134                _sidata = LOADADDR (.data)

.data           0x0000000020000000       0x70 load address 0x0000000008008134
                0x0000000020000000                . = ALIGN (0x4)
                0x0000000020000000                _sdata = .
 *(.data)
 *(.data*)
 .data.uwTickPrio
                0x0000000020000000        0x4 Drivers/STM32F4xx_HAL_Driver/Src/stm32f4xx_hal.o
                0x0000000020000000                uwTickPrio
 .data.uwTickFreq
                0x0000000020000004        0x1 Drivers/STM32F4xx_HAL_Driver/Src/stm32f4xx_hal.o
                0x0000000020000004                uwTickFreq
 .data.previous_padding.7872
                0x0000000020000005        0x1 SSD1322_Driver/Src/ssd1322.o
 *fill*         0x0000000020000006        0x2 
 .data.SystemCoreClock
                0x0000000020000008        0x4 Src/system_stm32f4xx.o
                0x0000000020000008                SystemCoreClock
 .data._impure_ptr
                0x000000002000000c        0x4 c:/st/stm32cubeide_1.0.0/stm32cubeide/plugins/com.st.stm32cube.ide.mcu.externaltools.gnu-tools-for-stm32.7-2018-q2-update.win32_1.0.0.201904181610/tools/bin/../lib/gcc/arm-none-eabi/7.3.1/../../../../arm-none-eabi/lib/thumb/v7e-m/fpv4-sp/hard\libc_nano.a(lib_a-impure.o)
                0x000000002000000c                _impure_ptr
 .data.impure_data
                0x0000000020000010       0x60 c:/st/stm32cubeide_1.0.0/stm32cubeide/plugins/com.st.stm32cube.ide.mcu.externaltools.gnu-tools-for-stm32.7-2018-q2-update.win32_1.0.0.201904181610/tools/bin/../lib/gcc/arm-none-eabi/7.3.1/../../../../arm-none-eabi/lib/thumb/v7e-m/fpv4-sp/hard\libc_nano.a(lib_a-impure.o)
                0x0000000020000070                . = ALIGN (0x4)
                0x0000000020000070                _edata = .

.igot.plt       0x0000000020000070        0x0 load address 0x00000000080081a4
 .igot.plt      0x0000000020000070        0x0 c:/st/stm32cubeide_1.0.0/stm32cubeide/plugins/com.st.stm32cube.ide.mcu.externaltools.gnu-tools-for-stm32.7-2018-q2-update.win32_1.0.0.201904181610/tools/bin/../lib/gcc/arm-none-eabi/7.3.1/thumb/v7e-m/fpv4-sp/hard/crtbegin.o
                0x0000000020000070                . = ALIGN (0x4)

.bss            0x0000000020000070       0x8c load address 0x00000000080081a4
                0x0000000020000070                _sbss = .
                0x0000000020000070                __bss_start__ = _sbss
 *(.bss)
 .bss           0x0000000020000070       0x1c c:/st/stm32cubeide_1.0.0/stm32cubeide/plugins/com.st.stm32cube.ide.mcu.externaltools.gnu-tools-for-stm32.7-2018-q2-update.win32_1.0.0.201904181610/tools/bin/../lib/gcc/arm-none-eabi/7.3.1/thumb/v7e-m/fpv4-sp/hard/crtbegin.o
 *(.bss*)
 .bss.g_active_font
                0x000000002000008c        0x4 SSD1322_Driver/Src/ssd1322.o
                0x000000002000008c                g_active_font
 .bss.heap_end.6424
                0x0000000020000090        0x4 Src/sysmem.o
 .bss.__malloc_free_list
                0x0000000020000094        0x4 c:/st/stm32cubeide_1.0.0/stm32cubeide/plugins/com.st.stm32cube.ide.mcu.externaltools.gnu-tools-for-stm32.7-2018-q2-update.win32_1.0.0.201904181610/tools/bin/../lib/gcc/arm-none-eabi/7.3.1/../../../../arm-none-eabi/lib/thumb/v7e-m/fpv4-sp/hard\libc_nano.a(lib_a-nano-mallocr.o)
                0x0000000020000094                __malloc_free_list
 .bss.__malloc_sbrk_start
                0x0000000020000098        0x4 c:/st/stm32cubeide_1.0.0/stm32cubeide/plugins/com.st.stm32cube.ide.mcu.externaltools.gnu-tools-for-stm32.7-2018-q2-update.win32_1.0.0.201904181610/tools/bin/../lib/gcc/arm-none-eabi/7.3.1/../../../../arm-none-eabi/lib/thumb/v7e-m/fpv4-sp/hard\libc_nano.a(lib_a-nano-mallocr.o)
                0x0000000020000098                __malloc_sbrk_start
 *(COMMON)
 COMMON         0x000000002000009c        0x4 Drivers/STM32F4xx_HAL_Driver/Src/stm32f4xx_hal.o
                0x000000002000009c                uwTick
 COMMON         0x00000000200000a0       0x58 Src/spi.o
                0x00000000200000a0                hspi1
 COMMON         0x00000000200000f8        0x4 c:/st/stm32cubeide_1.0.0/stm32cubeide/plugins/com.st.stm32cube.ide.mcu.externaltools.gnu-tools-for-stm32.7-2018-q2-update.win32_1.0.0.201904181610/tools/bin/../lib/gcc/arm-none-eabi/7.3.1/../../../../arm-none-eabi/lib/thumb/v7e-m/fpv4-sp/hard\libc_nano.a(lib_a-reent.o)
                0x00000000200000f8                errno
                0x00000000200000fc                . = ALIGN (0x4)
                0x00000000200000fc                _ebss = .
                0x00000000200000fc                __bss_end__ = _ebss

._user_heap_stack
                0x00000000200000fc      0x604 load address 0x00000000080081a4
                0x0000000020000100                . = ALIGN (0x8)
 *fill*         0x00000000200000fc        0x4 
                0x0000000020000100                PROVIDE (end = .)
                [!provide]                        PROVIDE (_end = .)
                0x0000000020000300                . = (. + _Min_Heap_Size)
 *fill*         0x0000000020000100      0x200 
                0x0000000020000700                . = (. + _Min_Stack_Size)
 *fill*         0x0000000020000300      0x400 
                0x0000000020000700                . = ALIGN (0x8)

/DISCARD/
 libc.a(*)
 libm.a(*)
 libgcc.a(*)

.ARM.attributes
                0x0000000000000000       0x30
 *(.ARM.attributes)
 .ARM.attributes
                0x0000000000000000       0x22 c:/st/stm32cubeide_1.0.0/stm32cubeide/plugins/com.st.stm32cube.ide.mcu.externaltools.gnu-tools-for-stm32.7-2018-q2-update.win32_1.0.0.201904181610/tools/bin/../lib/gcc/arm-none-eabi/7.3.1/thumb/v7e-m/fpv4-sp/hard/crti.o
 .ARM.attributes
                0x0000000000000022       0x34 c:/st/stm32cubeide_1.0.0/stm32cubeide/plugins/com.st.stm32cube.ide.mcu.externaltools.gnu-tools-for-stm32.7-2018-q2-update.win32_1.0.0.201904181610/tools/bin/../lib/gcc/arm-none-eabi/7.3.1/thumb/v7e-m/fpv4-sp/hard/crtbegin.o
 .ARM.attributes
                0x0000000000000056       0x39 Drivers/STM32F4xx_HAL_Driver/Src/stm32f4xx_hal.o
 .ARM.attributes
                0x000000000000008f       0x39 Drivers/STM32F4xx_HAL_Driver/Src/stm32f4xx_hal_cortex.o
 .ARM.attributes
                0x00000000000000c8       0x39 Drivers/STM32F4xx_HAL_Driver/Src/stm32f4xx_hal_gpio.o
 .ARM.attributes
                0x0000000000000101       0x39 Drivers/STM32F4xx_HAL_Driver/Src/stm32f4xx_hal_rcc.o
 .ARM.attributes
                0x000000000000013a       0x39 Drivers/STM32F4xx_HAL_Driver/Src/stm32f4xx_hal_spi.o
 .ARM.attributes
                0x0000000000000173       0x39 SSD1322_Driver/Src/PTM55FT.o
 .ARM.attributes
                0x00000000000001ac       0x39 SSD1322_Driver/Src/bitmaps.o
 .ARM.attributes
                0x00000000000001e5       0x39 SSD1322_Driver/Src/delay.o
 .ARM.attributes
                0x000000000000021e       0x39 SSD1322_Driver/Src/ssd1322.o
 .ARM.attributes
                0x0000000000000257       0x39 Src/gpio.o
 .ARM.attributes
                0x0000000000000290       0x39 Src/main.o
 .ARM.attributes
                0x00000000000002c9       0x39 Src/rcc.o
 .ARM.attributes
                0x0000000000000302       0x39 Src/spi.o
 .ARM.attributes
                0x000000000000033b       0x39 Src/stm32f4xx_hal_msp.o
 .ARM.attributes
                0x0000000000000374       0x39 Src/stm32f4xx_it.o
 .ARM.attributes
                0x00000000000003ad       0x39 Src/sysmem.o
 .ARM.attributes
                0x00000000000003e6       0x39 Src/system_stm32f4xx.o
 .ARM.attributes
                0x000000000000041f       0x21 Startup/startup_stm32f407vgtx.o
 .ARM.attributes
                0x0000000000000440       0x34 c:/st/stm32cubeide_1.0.0/stm32cubeide/plugins/com.st.stm32cube.ide.mcu.externaltools.gnu-tools-for-stm32.7-2018-q2-update.win32_1.0.0.201904181610/tools/bin/../lib/gcc/arm-none-eabi/7.3.1/../../../../arm-none-eabi/lib/thumb/v7e-m/fpv4-sp/hard\libc_nano.a(lib_a-calloc.o)
 .ARM.attributes
                0x0000000000000474       0x34 c:/st/stm32cubeide_1.0.0/stm32cubeide/plugins/com.st.stm32cube.ide.mcu.externaltools.gnu-tools-for-stm32.7-2018-q2-update.win32_1.0.0.201904181610/tools/bin/../lib/gcc/arm-none-eabi/7.3.1/../../../../arm-none-eabi/lib/thumb/v7e-m/fpv4-sp/hard\libc_nano.a(lib_a-errno.o)
 .ARM.attributes
                0x00000000000004a8       0x34 c:/st/stm32cubeide_1.0.0/stm32cubeide/plugins/com.st.stm32cube.ide.mcu.externaltools.gnu-tools-for-stm32.7-2018-q2-update.win32_1.0.0.201904181610/tools/bin/../lib/gcc/arm-none-eabi/7.3.1/../../../../arm-none-eabi/lib/thumb/v7e-m/fpv4-sp/hard\libc_nano.a(lib_a-impure.o)
 .ARM.attributes
                0x00000000000004dc       0x34 c:/st/stm32cubeide_1.0.0/stm32cubeide/plugins/com.st.stm32cube.ide.mcu.externaltools.gnu-tools-for-stm32.7-2018-q2-update.win32_1.0.0.201904181610/tools/bin/../lib/gcc/arm-none-eabi/7.3.1/../../../../arm-none-eabi/lib/thumb/v7e-m/fpv4-sp/hard\libc_nano.a(lib_a-init.o)
 .ARM.attributes
                0x0000000000000510       0x34 c:/st/stm32cubeide_1.0.0/stm32cubeide/plugins/com.st.stm32cube.ide.mcu.externaltools.gnu-tools-for-stm32.7-2018-q2-update.win32_1.0.0.201904181610/tools/bin/../lib/gcc/arm-none-eabi/7.3.1/../../../../arm-none-eabi/lib/thumb/v7e-m/fpv4-sp/hard\libc_nano.a(lib_a-memset.o)
 .ARM.attributes
                0x0000000000000544       0x34 c:/st/stm32cubeide_1.0.0/stm32cubeide/plugins/com.st.stm32cube.ide.mcu.externaltools.gnu-tools-for-stm32.7-2018-q2-update.win32_1.0.0.201904181610/tools/bin/../lib/gcc/arm-none-eabi/7.3.1/../../../../arm-none-eabi/lib/thumb/v7e-m/fpv4-sp/hard\libc_nano.a(lib_a-nano-callocr.o)
 .ARM.attributes
                0x0000000000000578       0x34 c:/st/stm32cubeide_1.0.0/stm32cubeide/plugins/com.st.stm32cube.ide.mcu.externaltools.gnu-tools-for-stm32.7-2018-q2-update.win32_1.0.0.201904181610/tools/bin/../lib/gcc/arm-none-eabi/7.3.1/../../../../arm-none-eabi/lib/thumb/v7e-m/fpv4-sp/hard\libc_nano.a(lib_a-nano-mallocr.o)
 .ARM.attributes
                0x00000000000005ac       0x34 c:/st/stm32cubeide_1.0.0/stm32cubeide/plugins/com.st.stm32cube.ide.mcu.externaltools.gnu-tools-for-stm32.7-2018-q2-update.win32_1.0.0.201904181610/tools/bin/../lib/gcc/arm-none-eabi/7.3.1/../../../../arm-none-eabi/lib/thumb/v7e-m/fpv4-sp/hard\libc_nano.a(lib_a-sbrkr.o)
 .ARM.attributes
                0x00000000000005e0       0x34 c:/st/stm32cubeide_1.0.0/stm32cubeide/plugins/com.st.stm32cube.ide.mcu.externaltools.gnu-tools-for-stm32.7-2018-q2-update.win32_1.0.0.201904181610/tools/bin/../lib/gcc/arm-none-eabi/7.3.1/../../../../arm-none-eabi/lib/thumb/v7e-m/fpv4-sp/hard\libc_nano.a(lib_a-mlock.o)
 .ARM.attributes
                0x0000000000000614       0x34 c:/st/stm32cubeide_1.0.0/stm32cubeide/plugins/com.st.stm32cube.ide.mcu.externaltools.gnu-tools-for-stm32.7-2018-q2-update.win32_1.0.0.201904181610/tools/bin/../lib/gcc/arm-none-eabi/7.3.1/../../../../arm-none-eabi/lib/thumb/v7e-m/fpv4-sp/hard\libc_nano.a(lib_a-reent.o)
 .ARM.attributes
                0x0000000000000648       0x22 c:/st/stm32cubeide_1.0.0/stm32cubeide/plugins/com.st.stm32cube.ide.mcu.externaltools.gnu-tools-for-stm32.7-2018-q2-update.win32_1.0.0.201904181610/tools/bin/../lib/gcc/arm-none-eabi/7.3.1/thumb/v7e-m/fpv4-sp/hard\libgcc.a(_aeabi_uldivmod.o)
 .ARM.attributes
                0x000000000000066a       0x34 c:/st/stm32cubeide_1.0.0/stm32cubeide/plugins/com.st.stm32cube.ide.mcu.externaltools.gnu-tools-for-stm32.7-2018-q2-update.win32_1.0.0.201904181610/tools/bin/../lib/gcc/arm-none-eabi/7.3.1/thumb/v7e-m/fpv4-sp/hard\libgcc.a(_udivmoddi4.o)
 .ARM.attributes
                0x000000000000069e       0x22 c:/st/stm32cubeide_1.0.0/stm32cubeide/plugins/com.st.stm32cube.ide.mcu.externaltools.gnu-tools-for-stm32.7-2018-q2-update.win32_1.0.0.201904181610/tools/bin/../lib/gcc/arm-none-eabi/7.3.1/thumb/v7e-m/fpv4-sp/hard\libgcc.a(_dvmd_tls.o)
 .ARM.attributes
                0x00000000000006c0       0x22 c:/st/stm32cubeide_1.0.0/stm32cubeide/plugins/com.st.stm32cube.ide.mcu.externaltools.gnu-tools-for-stm32.7-2018-q2-update.win32_1.0.0.201904181610/tools/bin/../lib/gcc/arm-none-eabi/7.3.1/thumb/v7e-m/fpv4-sp/hard/crtn.o
OUTPUT(SSD1322_OLED.elf elf32-littlearm)

.debug_info     0x0000000000000000     0x8b76
 .debug_info    0x0000000000000000      0x921 Drivers/STM32F4xx_HAL_Driver/Src/stm32f4xx_hal.o
 .debug_info    0x0000000000000921      0xdd6 Drivers/STM32F4xx_HAL_Driver/Src/stm32f4xx_hal_cortex.o
 .debug_info    0x00000000000016f7      0x763 Drivers/STM32F4xx_HAL_Driver/Src/stm32f4xx_hal_gpio.o
 .debug_info    0x0000000000001e5a      0x8a4 Drivers/STM32F4xx_HAL_Driver/Src/stm32f4xx_hal_rcc.o
 .debug_info    0x00000000000026fe     0x15e8 Drivers/STM32F4xx_HAL_Driver/Src/stm32f4xx_hal_spi.o
 .debug_info    0x0000000000003ce6      0x22a SSD1322_Driver/Src/PTM55FT.o
 .debug_info    0x0000000000003f10      0x26d SSD1322_Driver/Src/bitmaps.o
 .debug_info    0x000000000000417d      0x2c6 SSD1322_Driver/Src/delay.o
 .debug_info    0x0000000000004443     0x1271 SSD1322_Driver/Src/ssd1322.o
 .debug_info    0x00000000000056b4      0x43e Src/gpio.o
 .debug_info    0x0000000000005af2      0xf84 Src/main.o
 .debug_info    0x0000000000006a76      0x498 Src/rcc.o
 .debug_info    0x0000000000006f0e      0x965 Src/spi.o
 .debug_info    0x0000000000007873      0x310 Src/stm32f4xx_hal_msp.o
 .debug_info    0x0000000000007b83      0x1b3 Src/stm32f4xx_it.o
 .debug_info    0x0000000000007d36      0x91c Src/sysmem.o
 .debug_info    0x0000000000008652      0x502 Src/system_stm32f4xx.o
 .debug_info    0x0000000000008b54       0x22 Startup/startup_stm32f407vgtx.o

.debug_abbrev   0x0000000000000000     0x1a3e
 .debug_abbrev  0x0000000000000000      0x1cb Drivers/STM32F4xx_HAL_Driver/Src/stm32f4xx_hal.o
 .debug_abbrev  0x00000000000001cb      0x2fa Drivers/STM32F4xx_HAL_Driver/Src/stm32f4xx_hal_cortex.o
 .debug_abbrev  0x00000000000004c5      0x1c9 Drivers/STM32F4xx_HAL_Driver/Src/stm32f4xx_hal_gpio.o
 .debug_abbrev  0x000000000000068e      0x245 Drivers/STM32F4xx_HAL_Driver/Src/stm32f4xx_hal_rcc.o
 .debug_abbrev  0x00000000000008d3      0x240 Drivers/STM32F4xx_HAL_Driver/Src/stm32f4xx_hal_spi.o
 .debug_abbrev  0x0000000000000b13       0xc8 SSD1322_Driver/Src/PTM55FT.o
 .debug_abbrev  0x0000000000000bdb       0xd9 SSD1322_Driver/Src/bitmaps.o
 .debug_abbrev  0x0000000000000cb4       0xf5 SSD1322_Driver/Src/delay.o
 .debug_abbrev  0x0000000000000da9      0x23f SSD1322_Driver/Src/ssd1322.o
 .debug_abbrev  0x0000000000000fe8      0x134 Src/gpio.o
 .debug_abbrev  0x000000000000111c      0x1dc Src/main.o
 .debug_abbrev  0x00000000000012f8      0x134 Src/rcc.o
 .debug_abbrev  0x000000000000142c      0x199 Src/spi.o
 .debug_abbrev  0x00000000000015c5       0xef Src/stm32f4xx_hal_msp.o
 .debug_abbrev  0x00000000000016b4       0xac Src/stm32f4xx_it.o
 .debug_abbrev  0x0000000000001760      0x1bb Src/sysmem.o
 .debug_abbrev  0x000000000000191b      0x111 Src/system_stm32f4xx.o
 .debug_abbrev  0x0000000000001a2c       0x12 Startup/startup_stm32f407vgtx.o

.debug_aranges  0x0000000000000000      0x810
 .debug_aranges
                0x0000000000000000       0xf0 Drivers/STM32F4xx_HAL_Driver/Src/stm32f4xx_hal.o
 .debug_aranges
                0x00000000000000f0      0x118 Drivers/STM32F4xx_HAL_Driver/Src/stm32f4xx_hal_cortex.o
 .debug_aranges
                0x0000000000000208       0x58 Drivers/STM32F4xx_HAL_Driver/Src/stm32f4xx_hal_gpio.o
 .debug_aranges
                0x0000000000000260       0x88 Drivers/STM32F4xx_HAL_Driver/Src/stm32f4xx_hal_rcc.o
 .debug_aranges
                0x00000000000002e8      0x1d0 Drivers/STM32F4xx_HAL_Driver/Src/stm32f4xx_hal_spi.o
 .debug_aranges
                0x00000000000004b8       0x18 SSD1322_Driver/Src/PTM55FT.o
 .debug_aranges
                0x00000000000004d0       0x18 SSD1322_Driver/Src/bitmaps.o
 .debug_aranges
                0x00000000000004e8       0x28 SSD1322_Driver/Src/delay.o
 .debug_aranges
                0x0000000000000510      0x178 SSD1322_Driver/Src/ssd1322.o
 .debug_aranges
                0x0000000000000688       0x20 Src/gpio.o
 .debug_aranges
                0x00000000000006a8       0x28 Src/main.o
 .debug_aranges
                0x00000000000006d0       0x20 Src/rcc.o
 .debug_aranges
                0x00000000000006f0       0x30 Src/spi.o
 .debug_aranges
                0x0000000000000720       0x20 Src/stm32f4xx_hal_msp.o
 .debug_aranges
                0x0000000000000740       0x60 Src/stm32f4xx_it.o
 .debug_aranges
                0x00000000000007a0       0x20 Src/sysmem.o
 .debug_aranges
                0x00000000000007c0       0x28 Src/system_stm32f4xx.o
 .debug_aranges
                0x00000000000007e8       0x28 Startup/startup_stm32f407vgtx.o

.debug_ranges   0x0000000000000000      0x6e8
 .debug_ranges  0x0000000000000000       0xe0 Drivers/STM32F4xx_HAL_Driver/Src/stm32f4xx_hal.o
 .debug_ranges  0x00000000000000e0      0x108 Drivers/STM32F4xx_HAL_Driver/Src/stm32f4xx_hal_cortex.o
 .debug_ranges  0x00000000000001e8       0x48 Drivers/STM32F4xx_HAL_Driver/Src/stm32f4xx_hal_gpio.o
 .debug_ranges  0x0000000000000230       0x78 Drivers/STM32F4xx_HAL_Driver/Src/stm32f4xx_hal_rcc.o
 .debug_ranges  0x00000000000002a8      0x1c0 Drivers/STM32F4xx_HAL_Driver/Src/stm32f4xx_hal_spi.o
 .debug_ranges  0x0000000000000468       0x18 SSD1322_Driver/Src/delay.o
 .debug_ranges  0x0000000000000480      0x168 SSD1322_Driver/Src/ssd1322.o
 .debug_ranges  0x00000000000005e8       0x10 Src/gpio.o
 .debug_ranges  0x00000000000005f8       0x18 Src/main.o
 .debug_ranges  0x0000000000000610       0x10 Src/rcc.o
 .debug_ranges  0x0000000000000620       0x20 Src/spi.o
 .debug_ranges  0x0000000000000640       0x10 Src/stm32f4xx_hal_msp.o
 .debug_ranges  0x0000000000000650       0x50 Src/stm32f4xx_it.o
 .debug_ranges  0x00000000000006a0       0x10 Src/sysmem.o
 .debug_ranges  0x00000000000006b0       0x18 Src/system_stm32f4xx.o
 .debug_ranges  0x00000000000006c8       0x20 Startup/startup_stm32f407vgtx.o

.debug_macro    0x0000000000000000    0x20902
 .debug_macro   0x0000000000000000      0x21a Drivers/STM32F4xx_HAL_Driver/Src/stm32f4xx_hal.o
 .debug_macro   0x000000000000021a      0xa5a Drivers/STM32F4xx_HAL_Driver/Src/stm32f4xx_hal.o
 .debug_macro   0x0000000000000c74      0x184 Drivers/STM32F4xx_HAL_Driver/Src/stm32f4xx_hal.o
 .debug_macro   0x0000000000000df8       0x32 Drivers/STM32F4xx_HAL_Driver/Src/stm32f4xx_hal.o
 .debug_macro   0x0000000000000e2a       0x2f Drivers/STM32F4xx_HAL_Driver/Src/stm32f4xx_hal.o
 .debug_macro   0x0000000000000e59       0x22 Drivers/STM32F4xx_HAL_Driver/Src/stm32f4xx_hal.o
 .debug_macro   0x0000000000000e7b       0x8e Drivers/STM32F4xx_HAL_Driver/Src/stm32f4xx_hal.o
 .debug_macro   0x0000000000000f09       0x51 Drivers/STM32F4xx_HAL_Driver/Src/stm32f4xx_hal.o
 .debug_macro   0x0000000000000f5a       0xef Drivers/STM32F4xx_HAL_Driver/Src/stm32f4xx_hal.o
 .debug_macro   0x0000000000001049       0x6a Drivers/STM32F4xx_HAL_Driver/Src/stm32f4xx_hal.o
 .debug_macro   0x00000000000010b3      0x1df Drivers/STM32F4xx_HAL_Driver/Src/stm32f4xx_hal.o
 .debug_macro   0x0000000000001292       0x1c Drivers/STM32F4xx_HAL_Driver/Src/stm32f4xx_hal.o
 .debug_macro   0x00000000000012ae       0x22 Drivers/STM32F4xx_HAL_Driver/Src/stm32f4xx_hal.o
 .debug_macro   0x00000000000012d0       0xdf Drivers/STM32F4xx_HAL_Driver/Src/stm32f4xx_hal.o
 .debug_macro   0x00000000000013af     0x102d Drivers/STM32F4xx_HAL_Driver/Src/stm32f4xx_hal.o
 .debug_macro   0x00000000000023dc      0x11f Drivers/STM32F4xx_HAL_Driver/Src/stm32f4xx_hal.o
 .debug_macro   0x00000000000024fb    0x15e43 Drivers/STM32F4xx_HAL_Driver/Src/stm32f4xx_hal.o
 .debug_macro   0x000000000001833e       0x43 Drivers/STM32F4xx_HAL_Driver/Src/stm32f4xx_hal.o
 .debug_macro   0x0000000000018381     0x35d4 Drivers/STM32F4xx_HAL_Driver/Src/stm32f4xx_hal.o
 .debug_macro   0x000000000001b955      0x174 Drivers/STM32F4xx_HAL_Driver/Src/stm32f4xx_hal.o
 .debug_macro   0x000000000001bac9       0x5a Drivers/STM32F4xx_HAL_Driver/Src/stm32f4xx_hal.o
 .debug_macro   0x000000000001bb23      0x96b Drivers/STM32F4xx_HAL_Driver/Src/stm32f4xx_hal.o
 .debug_macro   0x000000000001c48e      0x9fe Drivers/STM32F4xx_HAL_Driver/Src/stm32f4xx_hal.o
 .debug_macro   0x000000000001ce8c       0xed Drivers/STM32F4xx_HAL_Driver/Src/stm32f4xx_hal.o
 .debug_macro   0x000000000001cf79      0x117 Drivers/STM32F4xx_HAL_Driver/Src/stm32f4xx_hal.o
 .debug_macro   0x000000000001d090      0x13e Drivers/STM32F4xx_HAL_Driver/Src/stm32f4xx_hal.o
 .debug_macro   0x000000000001d1ce       0x27 Drivers/STM32F4xx_HAL_Driver/Src/stm32f4xx_hal.o
 .debug_macro   0x000000000001d1f5      0x287 Drivers/STM32F4xx_HAL_Driver/Src/stm32f4xx_hal.o
 .debug_macro   0x000000000001d47c       0x5f Drivers/STM32F4xx_HAL_Driver/Src/stm32f4xx_hal.o
 .debug_macro   0x000000000001d4db      0x236 Drivers/STM32F4xx_HAL_Driver/Src/stm32f4xx_hal.o
 .debug_macro   0x000000000001d711      0x12c Drivers/STM32F4xx_HAL_Driver/Src/stm32f4xx_hal.o
 .debug_macro   0x000000000001d83d      0x21e Drivers/STM32F4xx_HAL_Driver/Src/stm32f4xx_hal.o
 .debug_macro   0x000000000001da5b       0x2e Drivers/STM32F4xx_HAL_Driver/Src/stm32f4xx_hal.o
 .debug_macro   0x000000000001da89      0x11a Drivers/STM32F4xx_HAL_Driver/Src/stm32f4xx_hal.o
 .debug_macro   0x000000000001dba3       0x7e Drivers/STM32F4xx_HAL_Driver/Src/stm32f4xx_hal.o
 .debug_macro   0x000000000001dc21       0x89 Drivers/STM32F4xx_HAL_Driver/Src/stm32f4xx_hal.o
 .debug_macro   0x000000000001dcaa      0x225 Drivers/STM32F4xx_HAL_Driver/Src/stm32f4xx_hal.o
 .debug_macro   0x000000000001decf      0x12d Drivers/STM32F4xx_HAL_Driver/Src/stm32f4xx_hal.o
 .debug_macro   0x000000000001dffc      0x1ba Drivers/STM32F4xx_HAL_Driver/Src/stm32f4xx_hal_cortex.o
 .debug_macro   0x000000000001e1b6      0x1f0 Drivers/STM32F4xx_HAL_Driver/Src/stm32f4xx_hal_gpio.o
 .debug_macro   0x000000000001e3a6      0x1de Drivers/STM32F4xx_HAL_Driver/Src/stm32f4xx_hal_rcc.o
 .debug_macro   0x000000000001e584      0x1c9 Drivers/STM32F4xx_HAL_Driver/Src/stm32f4xx_hal_spi.o
 .debug_macro   0x000000000001e74d       0xe4 SSD1322_Driver/Src/PTM55FT.o
 .debug_macro   0x000000000001e831      0x114 SSD1322_Driver/Src/bitmaps.o
 .debug_macro   0x000000000001e945      0x1c4 SSD1322_Driver/Src/delay.o
 .debug_macro   0x000000000001eb09      0x1ef SSD1322_Driver/Src/ssd1322.o
 .debug_macro   0x000000000001ecf8      0x1ce Src/gpio.o
 .debug_macro   0x000000000001eec6      0x2d8 Src/main.o
 .debug_macro   0x000000000001f19e       0x18 Src/main.o
 .debug_macro   0x000000000001f1b6       0x40 Src/main.o
 .debug_macro   0x000000000001f1f6       0x94 Src/main.o
 .debug_macro   0x000000000001f28a       0x3c Src/main.o
 .debug_macro   0x000000000001f2c6       0x34 Src/main.o
 .debug_macro   0x000000000001f2fa       0x16 Src/main.o
 .debug_macro   0x000000000001f310      0x10e Src/main.o
 .debug_macro   0x000000000001f41e       0x8d Src/main.o
 .debug_macro   0x000000000001f4ab       0x57 Src/main.o
 .debug_macro   0x000000000001f502       0x52 Src/main.o
 .debug_macro   0x000000000001f554       0x1f Src/main.o
 .debug_macro   0x000000000001f573       0x43 Src/main.o
 .debug_macro   0x000000000001f5b6       0x20 Src/main.o
 .debug_macro   0x000000000001f5d6      0x1a3 Src/main.o
 .debug_macro   0x000000000001f779      0x330 Src/main.o
 .debug_macro   0x000000000001faa9       0x16 Src/main.o
 .debug_macro   0x000000000001fabf       0x29 Src/main.o
 .debug_macro   0x000000000001fae8       0xd9 Src/main.o
 .debug_macro   0x000000000001fbc1       0x54 Src/main.o
 .debug_macro   0x000000000001fc15      0x1ce Src/rcc.o
 .debug_macro   0x000000000001fde3      0x1ce Src/spi.o
 .debug_macro   0x000000000001ffb1      0x1c4 Src/stm32f4xx_hal_msp.o
 .debug_macro   0x0000000000020175      0x1ce Src/stm32f4xx_it.o
 .debug_macro   0x0000000000020343      0x1ae Src/sysmem.o
 .debug_macro   0x00000000000204f1      0x23b Src/sysmem.o
 .debug_macro   0x000000000002072c       0x16 Src/sysmem.o
 .debug_macro   0x0000000000020742      0x1c0 Src/system_stm32f4xx.o

.debug_line     0x0000000000000000     0x86d8
 .debug_line    0x0000000000000000      0x88c Drivers/STM32F4xx_HAL_Driver/Src/stm32f4xx_hal.o
 .debug_line    0x000000000000088c      0x9b3 Drivers/STM32F4xx_HAL_Driver/Src/stm32f4xx_hal_cortex.o
 .debug_line    0x000000000000123f      0x86e Drivers/STM32F4xx_HAL_Driver/Src/stm32f4xx_hal_gpio.o
 .debug_line    0x0000000000001aad      0x8d3 Drivers/STM32F4xx_HAL_Driver/Src/stm32f4xx_hal_rcc.o
 .debug_line    0x0000000000002380     0x1040 Drivers/STM32F4xx_HAL_Driver/Src/stm32f4xx_hal_spi.o
 .debug_line    0x00000000000033c0      0x4aa SSD1322_Driver/Src/PTM55FT.o
 .debug_line    0x000000000000386a      0x4aa SSD1322_Driver/Src/bitmaps.o
 .debug_line    0x0000000000003d14      0x6f5 SSD1322_Driver/Src/delay.o
 .debug_line    0x0000000000004409      0xc0a SSD1322_Driver/Src/ssd1322.o
 .debug_line    0x0000000000005013      0x68e Src/gpio.o
 .debug_line    0x00000000000056a1      0x8c2 Src/main.o
 .debug_line    0x0000000000005f63      0x68e Src/rcc.o
 .debug_line    0x00000000000065f1      0x6b9 Src/spi.o
 .debug_line    0x0000000000006caa      0x685 Src/stm32f4xx_hal_msp.o
 .debug_line    0x000000000000732f      0x729 Src/stm32f4xx_it.o
 .debug_line    0x0000000000007a58      0x559 Src/sysmem.o
 .debug_line    0x0000000000007fb1      0x6a6 Src/system_stm32f4xx.o
 .debug_line    0x0000000000008657       0x81 Startup/startup_stm32f407vgtx.o

.debug_str      0x0000000000000000    0xc1d54
 .debug_str     0x0000000000000000    0xbb31a Drivers/STM32F4xx_HAL_Driver/Src/stm32f4xx_hal.o
                                      0xbb6a1 (size before relaxing)
 .debug_str     0x00000000000bb31a      0x3ed Drivers/STM32F4xx_HAL_Driver/Src/stm32f4xx_hal_cortex.o
                                      0xbb41c (size before relaxing)
 .debug_str     0x00000000000bb707      0x292 Drivers/STM32F4xx_HAL_Driver/Src/stm32f4xx_hal_gpio.o
                                      0xbad9f (size before relaxing)
 .debug_str     0x00000000000bb999      0x384 Drivers/STM32F4xx_HAL_Driver/Src/stm32f4xx_hal_rcc.o
                                      0xbaf42 (size before relaxing)
 .debug_str     0x00000000000bbd1d      0x95e Drivers/STM32F4xx_HAL_Driver/Src/stm32f4xx_hal_spi.o
                                      0xbb3ce (size before relaxing)
 .debug_str     0x00000000000bc67b      0x6e7 SSD1322_Driver/Src/PTM55FT.o
                                      0x87ec1 (size before relaxing)
 .debug_str     0x00000000000bcd62      0x16a SSD1322_Driver/Src/bitmaps.o
                                      0x87f43 (size before relaxing)
 .debug_str     0x00000000000bcecc       0xc8 SSD1322_Driver/Src/delay.o
                                      0xbaab1 (size before relaxing)
 .debug_str     0x00000000000bcf94      0x5a0 SSD1322_Driver/Src/ssd1322.o
                                      0xbbb56 (size before relaxing)
 .debug_str     0x00000000000bd534       0x25 Src/gpio.o
                                      0xbab6f (size before relaxing)
 .debug_str     0x00000000000bd559     0x2fdc Src/main.o
                                      0xbe524 (size before relaxing)
 .debug_str     0x00000000000c0535       0x20 Src/rcc.o
                                      0xbac15 (size before relaxing)
 .debug_str     0x00000000000c0555       0x24 Src/spi.o
                                      0xbafcc (size before relaxing)
 .debug_str     0x00000000000c0579       0x1b Src/stm32f4xx_hal_msp.o
                                      0xbaad4 (size before relaxing)
 .debug_str     0x00000000000c0594       0xb8 Src/stm32f4xx_it.o
                                      0xbaa62 (size before relaxing)
 .debug_str     0x00000000000c064c     0x167d Src/sysmem.o
                                       0x7af5 (size before relaxing)
 .debug_str     0x00000000000c1cc9       0x5a Src/system_stm32f4xx.o
                                      0xbab5b (size before relaxing)
 .debug_str     0x00000000000c1d23       0x31 Startup/startup_stm32f407vgtx.o
                                         0x77 (size before relaxing)

.comment        0x0000000000000000       0x7b
 .comment       0x0000000000000000       0x7b Drivers/STM32F4xx_HAL_Driver/Src/stm32f4xx_hal.o
                                         0x7c (size before relaxing)
 .comment       0x000000000000007b       0x7c Drivers/STM32F4xx_HAL_Driver/Src/stm32f4xx_hal_cortex.o
 .comment       0x000000000000007b       0x7c Drivers/STM32F4xx_HAL_Driver/Src/stm32f4xx_hal_gpio.o
 .comment       0x000000000000007b       0x7c Drivers/STM32F4xx_HAL_Driver/Src/stm32f4xx_hal_rcc.o
 .comment       0x000000000000007b       0x7c Drivers/STM32F4xx_HAL_Driver/Src/stm32f4xx_hal_spi.o
 .comment       0x000000000000007b       0x7c SSD1322_Driver/Src/PTM55FT.o
 .comment       0x000000000000007b       0x7c SSD1322_Driver/Src/bitmaps.o
 .comment       0x000000000000007b       0x7c SSD1322_Driver/Src/delay.o
 .comment       0x000000000000007b       0x7c SSD1322_Driver/Src/ssd1322.o
 .comment       0x000000000000007b       0x7c Src/gpio.o
 .comment       0x000000000000007b       0x7c Src/main.o
 .comment       0x000000000000007b       0x7c Src/rcc.o
 .comment       0x000000000000007b       0x7c Src/spi.o
 .comment       0x000000000000007b       0x7c Src/stm32f4xx_hal_msp.o
 .comment       0x000000000000007b       0x7c Src/stm32f4xx_it.o
 .comment       0x000000000000007b       0x7c Src/sysmem.o
 .comment       0x000000000000007b       0x7c Src/system_stm32f4xx.o

.debug_frame    0x0000000000000000     0x1f00
 .debug_frame   0x0000000000000000      0x374 Drivers/STM32F4xx_HAL_Driver/Src/stm32f4xx_hal.o
 .debug_frame   0x0000000000000374      0x498 Drivers/STM32F4xx_HAL_Driver/Src/stm32f4xx_hal_cortex.o
 .debug_frame   0x000000000000080c      0x14c Drivers/STM32F4xx_HAL_Driver/Src/stm32f4xx_hal_gpio.o
 .debug_frame   0x0000000000000958      0x1f0 Drivers/STM32F4xx_HAL_Driver/Src/stm32f4xx_hal_rcc.o
 .debug_frame   0x0000000000000b48      0x824 Drivers/STM32F4xx_HAL_Driver/Src/stm32f4xx_hal_spi.o
 .debug_frame   0x000000000000136c       0x58 SSD1322_Driver/Src/delay.o
 .debug_frame   0x00000000000013c4      0x64c SSD1322_Driver/Src/ssd1322.o
 .debug_frame   0x0000000000001a10       0x34 Src/gpio.o
 .debug_frame   0x0000000000001a44       0x48 Src/main.o
 .debug_frame   0x0000000000001a8c       0x34 Src/rcc.o
 .debug_frame   0x0000000000001ac0       0x74 Src/spi.o
 .debug_frame   0x0000000000001b34       0x38 Src/stm32f4xx_hal_msp.o
 .debug_frame   0x0000000000001b6c      0x10c Src/stm32f4xx_it.o
 .debug_frame   0x0000000000001c78       0x34 Src/sysmem.o
 .debug_frame   0x0000000000001cac       0x58 Src/system_stm32f4xx.o
 .debug_frame   0x0000000000001d04       0x20 c:/st/stm32cubeide_1.0.0/stm32cubeide/plugins/com.st.stm32cube.ide.mcu.externaltools.gnu-tools-for-stm32.7-2018-q2-update.win32_1.0.0.201904181610/tools/bin/../lib/gcc/arm-none-eabi/7.3.1/../../../../arm-none-eabi/lib/thumb/v7e-m/fpv4-sp/hard\libc_nano.a(lib_a-calloc.o)
 .debug_frame   0x0000000000001d24       0x20 c:/st/stm32cubeide_1.0.0/stm32cubeide/plugins/com.st.stm32cube.ide.mcu.externaltools.gnu-tools-for-stm32.7-2018-q2-update.win32_1.0.0.201904181610/tools/bin/../lib/gcc/arm-none-eabi/7.3.1/../../../../arm-none-eabi/lib/thumb/v7e-m/fpv4-sp/hard\libc_nano.a(lib_a-errno.o)
 .debug_frame   0x0000000000001d44       0x2c c:/st/stm32cubeide_1.0.0/stm32cubeide/plugins/com.st.stm32cube.ide.mcu.externaltools.gnu-tools-for-stm32.7-2018-q2-update.win32_1.0.0.201904181610/tools/bin/../lib/gcc/arm-none-eabi/7.3.1/../../../../arm-none-eabi/lib/thumb/v7e-m/fpv4-sp/hard\libc_nano.a(lib_a-init.o)
 .debug_frame   0x0000000000001d70       0x20 c:/st/stm32cubeide_1.0.0/stm32cubeide/plugins/com.st.stm32cube.ide.mcu.externaltools.gnu-tools-for-stm32.7-2018-q2-update.win32_1.0.0.201904181610/tools/bin/../lib/gcc/arm-none-eabi/7.3.1/../../../../arm-none-eabi/lib/thumb/v7e-m/fpv4-sp/hard\libc_nano.a(lib_a-memset.o)
 .debug_frame   0x0000000000001d90       0x2c c:/st/stm32cubeide_1.0.0/stm32cubeide/plugins/com.st.stm32cube.ide.mcu.externaltools.gnu-tools-for-stm32.7-2018-q2-update.win32_1.0.0.201904181610/tools/bin/../lib/gcc/arm-none-eabi/7.3.1/../../../../arm-none-eabi/lib/thumb/v7e-m/fpv4-sp/hard\libc_nano.a(lib_a-nano-callocr.o)
 .debug_frame   0x0000000000001dbc       0x2c c:/st/stm32cubeide_1.0.0/stm32cubeide/plugins/com.st.stm32cube.ide.mcu.externaltools.gnu-tools-for-stm32.7-2018-q2-update.win32_1.0.0.201904181610/tools/bin/../lib/gcc/arm-none-eabi/7.3.1/../../../../arm-none-eabi/lib/thumb/v7e-m/fpv4-sp/hard\libc_nano.a(lib_a-nano-mallocr.o)
 .debug_frame   0x0000000000001de8       0x2c c:/st/stm32cubeide_1.0.0/stm32cubeide/plugins/com.st.stm32cube.ide.mcu.externaltools.gnu-tools-for-stm32.7-2018-q2-update.win32_1.0.0.201904181610/tools/bin/../lib/gcc/arm-none-eabi/7.3.1/../../../../arm-none-eabi/lib/thumb/v7e-m/fpv4-sp/hard\libc_nano.a(lib_a-sbrkr.o)
 .debug_frame   0x0000000000001e14       0x30 c:/st/stm32cubeide_1.0.0/stm32cubeide/plugins/com.st.stm32cube.ide.mcu.externaltools.gnu-tools-for-stm32.7-2018-q2-update.win32_1.0.0.201904181610/tools/bin/../lib/gcc/arm-none-eabi/7.3.1/../../../../arm-none-eabi/lib/thumb/v7e-m/fpv4-sp/hard\libc_nano.a(lib_a-mlock.o)
 .debug_frame   0x0000000000001e44       0x5c c:/st/stm32cubeide_1.0.0/stm32cubeide/plugins/com.st.stm32cube.ide.mcu.externaltools.gnu-tools-for-stm32.7-2018-q2-update.win32_1.0.0.201904181610/tools/bin/../lib/gcc/arm-none-eabi/7.3.1/../../../../arm-none-eabi/lib/thumb/v7e-m/fpv4-sp/hard\libc_nano.a(lib_a-reent.o)
 .debug_frame   0x0000000000001ea0       0x2c c:/st/stm32cubeide_1.0.0/stm32cubeide/plugins/com.st.stm32cube.ide.mcu.externaltools.gnu-tools-for-stm32.7-2018-q2-update.win32_1.0.0.201904181610/tools/bin/../lib/gcc/arm-none-eabi/7.3.1/thumb/v7e-m/fpv4-sp/hard\libgcc.a(_aeabi_uldivmod.o)
 .debug_frame   0x0000000000001ecc       0x34 c:/st/stm32cubeide_1.0.0/stm32cubeide/plugins/com.st.stm32cube.ide.mcu.externaltools.gnu-tools-for-stm32.7-2018-q2-update.win32_1.0.0.201904181610/tools/bin/../lib/gcc/arm-none-eabi/7.3.1/thumb/v7e-m/fpv4-sp/hard\libgcc.a(_udivmoddi4.o)
