ssd1322.c:273:6:ssd1322_write_data	16	static
ssd1322.c:283:6:ssd1322_write_command	16	static
ssd1322.c:293:6:ssd1322_set_column_address	16	static
ssd1322.c:300:6:ssd1322_set_row_address	16	static
ssd1322.c:307:6:ssd1322_write_ram_enable	8	static
ssd1322.c:313:20:ssd1322_set_remap_format	16	static
ssd1322.c:323:6:ssd1322_set_start_line	16	static
ssd1322.c:331:20:ssd1322_set_display_offset	16	static
ssd1322.c:339:20:ssd1322_set_display_mode	16	static
ssd1322.c:344:20:ssd1322_set_partial_display	16	static
ssd1322.c:357:20:ssd1322_set_function_selection	16	static
ssd1322.c:363:6:ssd1322_set_display_on_off	16	static
ssd1322.c:368:20:ssd1322_set_phase_length	16	static
ssd1322.c:374:20:ssd1322_set_display_clock	16	static
ssd1322.c:380:20:ssd1322_set_display_enhancement_a	16	static
ssd1322.c:388:20:ssd1322_set_gpio	16	static
ssd1322.c:393:20:ssd1322_set_precharge_period	16	static
ssd1322.c:399:20:ssd1322_set_precharge_voltage	16	static
ssd1322.c:405:20:ssd1322_set_vcomh	16	static
ssd1322.c:411:20:ssd1322_set_contrast_current	16	static
ssd1322.c:417:20:ssd1322_set_master_current	16	static
ssd1322.c:423:20:ssd1322_set_multiplex_ratio	16	static
ssd1322.c:429:20:ssd1322_set_display_enhancement_b	16	static
ssd1322.c:436:20:ssd1322_set_linear_gray_scale_table	8	static
ssd1322.c:441:20:ssd1322_set_command_lock	16	static
ssd1322.c:447:6:ssd1322_fill_ram	24	static
ssd1322.c:465:6:ssd1322_initialize	8	static
ssd1322.c:522:6:ssd1322_set_address	16	static
ssd1322.c:530:6:ssd1322_put_horizontal_line	24	static
ssd1322.c:544:6:ssd1322_put_vertical_line	32	static
ssd1322.c:573:6:ssd1322_put_rectangle	24	static
ssd1322.c:586:6:ssd1322_put_bitmap	24	static
ssd1322.c:609:6:ssd1322_set_font	16	static
ssd1322.c:615:9:ssd1322_put_char	40	static
ssd1322.c:637:6:ssd1322_put_string	16	static
ssd1322.c:645:6:ssd1322_put_horizontal_line_fb	24	static
ssd1322.c:658:6:ssd1322_put_vertical_line_fb	24	static
ssd1322.c:682:6:ssd1322_put_rectangle_fb	24	static
ssd1322.c:694:9:ssd1322_put_resource_fb	24	static
ssd1322.c:807:9:ssd1322_put_bitmap_fb	48	static
ssd1322.c:820:9:ssd1322_put_char_fb	56	static
ssd1322.c:841:9:ssd1322_put_string_fb	24	static
ssd1322.c:855:6:ssd1322_fill_fb	24	static
ssd1322.c:869:6:ssd1322_display_fb	24	static
